// Jest Snapshot v1, https://goo.gl/fbAQLP

exports[`<CheckBox /> Should render and match the snapshot 1`] = `
<label
  class="CheckBox__HiddenLabel-sc-3ds2-0 gnQLZV"
>
  <div
    class="CheckBox__CheckboxContainer-sc-3ds2-1 hgbZRk"
  >
    <input
      class="CheckBox__HiddenCheckbox-sc-3ds2-3 chOmlZ"
      data-name="field-test"
      type="checkbox"
    />
    <div
      class="CheckBox__StyledCheckbox-sc-3ds2-4 eVKOMr"
    >
      <svg
        class="CheckBox__Icon-sc-3ds2-2 dpDFqD"
        viewBox="0 0 24 24"
      >
        <polyline
          points="20 6 9 17 4 12"
        />
      </svg>
    </div>
  </div>
  <span>
    field label
  </span>
</label>
`;
